// Vitest Snapshot v1, https://vitest.dev/guide/snapshot.html

exports[`world-scene kinds — per-arm characterization > every dispatch arm resolves its fixture to a stable { title, hash } snapshot 1`] = `
{
  "assembler": {
    "hash": "22194b63",
    "title": "mojulo assembler",
  },
  "atmosphere-view": {
    "hash": "c2e8f9bc",
    "title": "mojulo atmosphere",
  },
  "atom-view": {
    "hash": "32747682",
    "title": "mojulo atom",
  },
  "black-hole-view": {
    "hash": "1ca1c1f2",
    "title": "mojulo black hole",
  },
  "cascade-view": {
    "hash": "7483e208",
    "title": "mojulo chain reaction",
  },
  "cellular-view": {
    "hash": "b4e43cd7",
    "title": "mojulo cell",
  },
  "cherenkov-view": {
    "hash": "8ab5fd55",
    "title": "mojulo Cherenkov glow",
  },
  "comet-view": {
    "hash": "981ebaa9",
    "title": "mojulo comet",
  },
  "complete-square-view": {
    "hash": "739c05d1",
    "title": "mojulo completing the square",
  },
  "complex-view": {
    "hash": "9cac5cbe",
    "title": "mojulo complex function",
  },
  "condo-complex": {
    "hash": "8d6877e0",
    "title": "mojulo condo complex",
  },
  "conics-view": {
    "hash": "f5599164",
    "title": "mojulo conic sections",
  },
  "controllable": {
    "hash": "fe72be3e",
    "title": "mojulo controllable world",
  },
  "derivative-view": {
    "hash": "5036ad8e",
    "title": "mojulo derivative",
  },
  "dna-process": {
    "hash": "72751915",
    "title": "mojulo DNA process",
  },
  "dna-view": {
    "hash": "291bcfa9",
    "title": "mojulo DNA",
  },
  "double-slit-view": {
    "hash": "0fc32740",
    "title": "mojulo double-slit",
  },
  "energy-cycle": {
    "hash": "176314da",
    "title": "mojulo energy cycle",
  },
  "field-flow-view": {
    "hash": "e6c92786",
    "title": "mojulo vector field",
  },
  "field-view": {
    "hash": "b2c67f08",
    "title": "mojulo field",
  },
  "fission-view": {
    "hash": "add1bc73",
    "title": "mojulo fission",
  },
  "floorplan": {
    "hash": "c0bf854c",
    "title": "mojulo house",
  },
  "fluid-view": {
    "hash": "a050c714",
    "title": "mojulo fluid",
  },
  "fractal-city": {
    "hash": "22cde565",
    "title": "mojulo city",
  },
  "ftc-view": {
    "hash": "2c098483",
    "title": "mojulo fundamental theorem",
  },
  "fusion-view": {
    "hash": "4458ca04",
    "title": "mojulo fusion",
  },
  "galaxy-view": {
    "hash": "ebe5dba7",
    "title": "mojulo galaxy",
  },
  "gravity-wave-view": {
    "hash": "bf8f58b6",
    "title": "mojulo gravitational waves",
  },
  "lightning-storm-view": {
    "hash": "4fcfc318",
    "title": "mojulo lightning storm",
  },
  "mechanics-view": {
    "hash": "7212a4ed",
    "title": "mojulo mechanics",
  },
  "molecule-view": {
    "hash": "68be51be",
    "title": "mojulo molecule",
  },
  "ocean-view": {
    "hash": "50ace3f1",
    "title": "mojulo ocean",
  },
  "operator-world": {
    "hash": "3f8a3894",
    "title": "mojulo operator world",
  },
  "orbit-view": {
    "hash": "87db9264",
    "title": "mojulo orbit",
  },
  "painted-landscape": {
    "hash": "51a7b999",
    "title": "mojulo terrain",
  },
  "parallel-transport-view": {
    "hash": "5ae1f4ee",
    "title": "mojulo parallel transport",
  },
  "planetary": {
    "hash": "8218bffa",
    "title": "mojulo planetary",
  },
  "plasma-globe-view": {
    "hash": "c32dd22c",
    "title": "mojulo plasma globe",
  },
  "probability-view": {
    "hash": "8d3a11ea",
    "title": "mojulo galton board",
  },
  "pulsar-view": {
    "hash": "1862d825",
    "title": "mojulo pulsar",
  },
  "pythagoras-view": {
    "hash": "23020ab0",
    "title": "mojulo pythagoras",
  },
  "quadratic-view": {
    "hash": "1033ae91",
    "title": "mojulo quadratic",
  },
  "reactor-view": {
    "hash": "82e3e982",
    "title": "mojulo reactor",
  },
  "restaurant": {
    "hash": "c2728219",
    "title": "mojulo restaurant",
  },
  "room": {
    "hash": "f003627e",
    "title": "mojulo room",
  },
  "saturn-view": {
    "hash": "ef254d72",
    "title": "mojulo Saturn",
  },
  "school-complex": {
    "hash": "04e7604e",
    "title": "mojulo school complex",
  },
  "series-view": {
    "hash": "6f6ca2fc",
    "title": "mojulo series",
  },
  "star-birth-view": {
    "hash": "3c64867a",
    "title": "mojulo star birth",
  },
  "subway-building": {
    "hash": "80075b7a",
    "title": "mojulo subway",
  },
  "subway-station": {
    "hash": "38d63d4c",
    "title": "mojulo subway station",
  },
  "surface-view": {
    "hash": "a95c4c18",
    "title": "mojulo surface",
  },
  "transform-view": {
    "hash": "ec7ecdb6",
    "title": "mojulo linear transform",
  },
  "transformer-view": {
    "hash": "4652d275",
    "title": "mojulo transformer attention",
  },
  "transportation-hub": {
    "hash": "22a2629f",
    "title": "mojulo transportation hub",
  },
  "trig-circle-view": {
    "hash": "cc9d751e",
    "title": "mojulo unit circle",
  },
  "vector-match-view": {
    "hash": "4d0cca1c",
    "title": "mojulo vector match",
  },
  "vehicle-instance": {
    "hash": "437e3404",
    "title": "workbench · airliner",
  },
  "wavepacket-view": {
    "hash": "7cf82319",
    "title": "mojulo wavepacket",
  },
  "windmill-view": {
    "hash": "70cf1f8e",
    "title": "mojulo windmill",
  },
  "workbench": {
    "hash": "48cf3e4e",
    "title": "mojulo workbench",
  },
}
`;

exports[`world-scene kinds — per-arm characterization > viewOpts.view forwards into the floorplan arm (pinned: forwarding must survive the refactor) 1`] = `
{
  "base": "c0bf854c",
  "dollhouse": "c0bf854c",
}
`;
